p: 4 q: 4 total: 8
gamma
   22.2373   13.7056   13.7056
   13.7056   21.0781    9.3581
   13.7056    9.3581   21.0781
Overlap
   1.0000e+00            0            0   4.9349e-17   4.7552e-01   4.7552e-01
            0   1.0000e+00            0            0            0            0
            0            0   1.0000e+00            0   3.1083e-01  -3.1083e-01
   4.9349e-17            0            0   1.0000e+00  -2.4184e-01  -2.4184e-01
   4.7552e-01            0   3.1083e-01  -2.4184e-01   1.0000e+00   2.5342e-01
   4.7552e-01            0  -3.1083e-01  -2.4184e-01   2.5342e-01   1.0000e+00
H_core
  -1.7511e+02            0            0  -1.5298e-15  -9.5105e+00  -9.5105e+00
            0  -1.5883e+02            0            0            0            0
            0            0  -1.5883e+02            0  -6.2166e+00   6.2166e+00
  -1.5298e-15            0            0  -1.5883e+02   4.8368e+00   4.8368e+00
  -9.5105e+00            0  -6.2166e+00   4.8368e+00  -1.0931e+02  -2.2808e+00
  -9.5105e+00            0   6.2166e+00   4.8368e+00  -2.2808e+00  -1.0931e+02
Iteration: 0
Fa
  -1.7511e+02            0            0  -1.5298e-15  -9.5105e+00  -9.5105e+00
            0  -1.5883e+02            0            0            0            0
            0            0  -1.5883e+02            0  -6.2166e+00   6.2166e+00
  -1.5298e-15            0            0  -1.5883e+02   4.8368e+00   4.8368e+00
  -9.5105e+00            0  -6.2166e+00   4.8368e+00  -1.0931e+02  -2.2808e+00
  -9.5105e+00            0   6.2166e+00   4.8368e+00  -2.2808e+00  -1.0931e+02
Fb
  -1.7511e+02            0            0  -1.5298e-15  -9.5105e+00  -9.5105e+00
            0  -1.5883e+02            0            0            0            0
            0            0  -1.5883e+02            0  -6.2166e+00   6.2166e+00
  -1.5298e-15            0            0  -1.5883e+02   4.8368e+00   4.8368e+00
  -9.5105e+00            0  -6.2166e+00   4.8368e+00  -1.0931e+02  -2.2808e+00
  -9.5105e+00            0   6.2166e+00   4.8368e+00  -2.2808e+00  -1.0931e+02
after solving eigen equation: 0
Ca
   9.7591e-01  -5.1191e-15   9.8331e-02   2.9043e-15   1.9475e-01  -2.5848e-15
   1.3878e-17   1.1324e-14  -2.9643e-14   1.0000e+00  -4.3368e-18  -3.4694e-18
  -2.0279e-15   9.8664e-01   7.2057e-14  -1.1132e-14   2.8958e-15   1.6289e-01
  -7.3525e-02  -7.2610e-14   9.8868e-01   2.9334e-14  -1.3075e-01   1.9210e-15
   1.4524e-01   1.1518e-01  -8.0105e-02  -3.6831e-15  -6.8738e-01  -6.9766e-01
   1.4524e-01  -1.1518e-01  -8.0105e-02  -1.0796e-15  -6.8738e-01   6.9766e-01
Cb
   9.7591e-01  -5.1191e-15   9.8331e-02   2.9043e-15   1.9475e-01  -2.5848e-15
   1.3878e-17   1.1324e-14  -2.9643e-14   1.0000e+00  -4.3368e-18  -3.4694e-18
  -2.0279e-15   9.8664e-01   7.2057e-14  -1.1132e-14   2.8958e-15   1.6289e-01
  -7.3525e-02  -7.2610e-14   9.8868e-01   2.9334e-14  -1.3075e-01   1.9210e-15
   1.4524e-01   1.1518e-01  -8.0105e-02  -3.6831e-15  -6.8738e-01  -6.9766e-01
   1.4524e-01  -1.1518e-01  -8.0105e-02  -1.0796e-15  -6.8738e-01   6.9766e-01
 p =  4 q =  4
Pa_new
   9.6207e-01   3.0119e-18   5.5649e-17   2.5465e-02   1.3387e-01   1.3387e-01
   3.0119e-18   1.0000e+00   4.1376e-17   2.5271e-17  -2.2395e-18  -7.3188e-18
   5.5649e-17   4.1376e-17   9.7347e-01  -2.4938e-16   1.1364e-01  -1.1364e-01
   2.5465e-02   2.5271e-17  -2.4938e-16   9.8290e-01  -8.9877e-02  -8.9877e-02
   1.3387e-01  -2.2395e-18   1.1364e-01  -8.9877e-02   4.0779e-02   1.4247e-02
   1.3387e-01  -7.3188e-18  -1.1364e-01  -8.9877e-02   1.4247e-02   4.0779e-02
Pb_new
   9.6207e-01   3.0119e-18   5.5649e-17   2.5465e-02   1.3387e-01   1.3387e-01
   3.0119e-18   1.0000e+00   4.1376e-17   2.5271e-17  -2.2395e-18  -7.3188e-18
   5.5649e-17   4.1376e-17   9.7347e-01  -2.4938e-16   1.1364e-01  -1.1364e-01
   2.5465e-02   2.5271e-17  -2.4938e-16   9.8290e-01  -8.9877e-02  -8.9877e-02
   1.3387e-01  -2.2395e-18   1.1364e-01  -8.9877e-02   4.0779e-02   1.4247e-02
   1.3387e-01  -7.3188e-18  -1.1364e-01  -8.9877e-02   1.4247e-02   4.0779e-02
Iteration: 1
Fa
  -1.9993e+01  -6.6978e-17  -1.2375e-15  -5.6627e-01  -1.1345e+01  -1.1345e+01
  -6.6978e-17  -4.5578e+00  -9.2010e-16  -5.6196e-16   3.0693e-17   1.0031e-16
  -1.2375e-15  -9.2010e-16  -3.9678e+00   5.5455e-15  -7.7741e+00   7.7741e+00
  -5.6627e-01  -5.6196e-16   5.5455e-15  -4.1776e+00   6.0687e+00   6.0687e+00
  -1.1345e+01   3.0693e-17  -7.7741e+00   6.0687e+00  -2.7487e-01  -2.4141e+00
  -1.1345e+01   1.0031e-16   7.7741e+00   6.0687e+00  -2.4141e+00  -2.7487e-01
Fb
  -1.9993e+01  -6.6978e-17  -1.2375e-15  -5.6627e-01  -1.1345e+01  -1.1345e+01
  -6.6978e-17  -4.5578e+00  -9.2010e-16  -5.6196e-16   3.0693e-17   1.0031e-16
  -1.2375e-15  -9.2010e-16  -3.9678e+00   5.5455e-15  -7.7741e+00   7.7741e+00
  -5.6627e-01  -5.6196e-16   5.5455e-15  -4.1776e+00   6.0687e+00   6.0687e+00
  -1.1345e+01   3.0693e-17  -7.7741e+00   6.0687e+00  -2.7487e-01  -2.4141e+00
  -1.1345e+01   1.0031e-16   7.7741e+00   6.0687e+00  -2.4141e+00  -2.7487e-01
after solving eigen equation: 1
Ca
   8.3070e-01   9.1261e-16   3.7045e-01  -1.2290e-16  -1.8629e-15   4.1558e-01
  -5.2507e-18  -4.8515e-17   3.6197e-16   1.0000e+00  -3.1888e-17  -4.2841e-18
   4.0501e-16  -7.9612e-01   7.3555e-16  -1.2302e-17   6.0514e-01   2.7877e-15
  -1.5801e-01   8.9667e-16   8.7266e-01  -3.2383e-16   2.4908e-15  -4.6206e-01
   3.7747e-01  -4.2790e-01  -2.2498e-01   9.1631e-18  -5.6294e-01  -5.5398e-01
   3.7747e-01   4.2790e-01  -2.2498e-01   1.3738e-16   5.6294e-01  -5.5398e-01
Cb
   8.3070e-01   9.1261e-16   3.7045e-01  -1.2290e-16  -1.8629e-15   4.1558e-01
  -5.2507e-18  -4.8515e-17   3.6197e-16   1.0000e+00  -3.1888e-17  -4.2841e-18
   4.0501e-16  -7.9612e-01   7.3555e-16  -1.2302e-17   6.0514e-01   2.7877e-15
  -1.5801e-01   8.9667e-16   8.7266e-01  -3.2383e-16   2.4908e-15  -4.6206e-01
   3.7747e-01  -4.2790e-01  -2.2498e-01   9.1631e-18  -5.6294e-01  -5.5398e-01
   3.7747e-01   4.2790e-01  -2.2498e-01   1.3738e-16   5.6294e-01  -5.5398e-01
 p =  4 q =  4
Pa_new
   8.2729e-01   6.8334e-18  -1.1762e-16   1.9202e-01   2.3022e-01   2.3022e-01
   6.8334e-18   1.0000e+00   2.6322e-17  -7.1274e-18  -5.3495e-17   3.3200e-17
  -1.1762e-16   2.6322e-17   6.3380e-01  -1.3597e-16   3.4066e-01  -3.4066e-01
   1.9202e-01  -7.1274e-18  -1.3597e-16   7.8650e-01  -2.5597e-01  -2.5597e-01
   2.3022e-01  -5.3495e-17   3.4066e-01  -2.5597e-01   3.7620e-01   1.0005e-02
   2.3022e-01   3.3200e-17  -3.4066e-01  -2.5597e-01   1.0005e-02   3.7620e-01
Pb_new
   8.2729e-01   6.8334e-18  -1.1762e-16   1.9202e-01   2.3022e-01   2.3022e-01
   6.8334e-18   1.0000e+00   2.6322e-17  -7.1274e-18  -5.3495e-17   3.3200e-17
  -1.1762e-16   2.6322e-17   6.3380e-01  -1.3597e-16   3.4066e-01  -3.4066e-01
   1.9202e-01  -7.1274e-18  -1.3597e-16   7.8650e-01  -2.5597e-01  -2.5597e-01
   2.3022e-01  -5.3495e-17   3.4066e-01  -2.5597e-01   3.7620e-01   1.0005e-02
   2.3022e-01   3.3200e-17  -3.4066e-01  -2.5597e-01   1.0005e-02   3.7620e-01
Iteration: 2
Fa
  -2.8443e+01  -1.5196e-16   2.6155e-15  -4.2701e+00  -1.2666e+01  -1.2666e+01
  -1.5196e-16  -1.6005e+01  -5.8533e-16   1.5850e-16   7.3317e-16  -4.5503e-16
   2.6155e-15  -5.8533e-16  -7.8616e+00   3.0236e-15  -1.0886e+01   1.0886e+01
  -4.2701e+00   1.5850e-16   3.0236e-15  -1.1257e+01   8.3451e+00   8.3451e+00
  -1.2666e+01   7.3317e-16  -1.0886e+01   8.3451e+00  -5.3156e+00  -2.3744e+00
  -1.2666e+01  -4.5503e-16   1.0886e+01   8.3451e+00  -2.3744e+00  -5.3156e+00
Fb
  -2.8443e+01  -1.5196e-16   2.6155e-15  -4.2701e+00  -1.2666e+01  -1.2666e+01
  -1.5196e-16  -1.6005e+01  -5.8533e-16   1.5850e-16   7.3317e-16  -4.5503e-16
   2.6155e-15  -5.8533e-16  -7.8616e+00   3.0236e-15  -1.0886e+01   1.0886e+01
  -4.2701e+00   1.5850e-16   3.0236e-15  -1.1257e+01   8.3451e+00   8.3451e+00
  -1.2666e+01   7.3317e-16  -1.0886e+01   8.3451e+00  -5.3156e+00  -2.3744e+00
  -1.2666e+01  -4.5503e-16   1.0886e+01   8.3451e+00  -2.3744e+00  -5.3156e+00
after solving eigen equation: 2
Ca
   8.4902e-01  -7.9660e-16  -3.3235e-01   7.7320e-18   4.1074e-01   2.4299e-15
   2.4483e-18  -4.4757e-18   4.4077e-17   1.0000e+00   1.1780e-17   1.6485e-17
   2.4352e-16   7.6086e-01  -1.4537e-15   1.4103e-17   4.0540e-15  -6.4892e-01
  -9.0847e-02  -1.4058e-15  -8.5764e-01   4.3987e-17  -5.0617e-01  -3.0051e-15
   3.6805e-01   4.5886e-01   2.7749e-01  -1.3631e-17  -5.3623e-01   5.3801e-01
   3.6805e-01  -4.5886e-01   2.7749e-01            0  -5.3623e-01  -5.3801e-01
Cb
   8.4902e-01  -7.9660e-16  -3.3235e-01   7.7320e-18   4.1074e-01   2.4299e-15
   2.4483e-18  -4.4757e-18   4.4077e-17   1.0000e+00   1.1780e-17   1.6485e-17
   2.4352e-16   7.6086e-01  -1.4537e-15   1.4103e-17   4.0540e-15  -6.4892e-01
  -9.0847e-02  -1.4058e-15  -8.5764e-01   4.3987e-17  -5.0617e-01  -3.0051e-15
   3.6805e-01   4.5886e-01   2.7749e-01  -1.3631e-17  -5.3623e-01   5.3801e-01
   3.6805e-01  -4.5886e-01   2.7749e-01            0  -5.3623e-01  -5.3801e-01
 p =  4 q =  4
Pa_new
   8.3129e-01  -4.8384e-18   8.3785e-17   2.0791e-01   2.2025e-01   2.2025e-01
  -4.8384e-18   1.0000e+00   1.0698e-17   5.9625e-18  -2.5527e-18   1.5186e-17
   8.3785e-17   1.0698e-17   5.7890e-01   1.5502e-16   3.4912e-01  -3.4912e-01
   2.0791e-01   5.9625e-18   1.5502e-16   7.4379e-01  -2.7142e-01  -2.7142e-01
   2.2025e-01  -2.5527e-18   3.4912e-01  -2.7142e-01   4.2301e-01   1.9118e-03
   2.2025e-01   1.5186e-17  -3.4912e-01  -2.7142e-01   1.9118e-03   4.2301e-01
Pb_new
   8.3129e-01  -4.8384e-18   8.3785e-17   2.0791e-01   2.2025e-01   2.2025e-01
  -4.8384e-18   1.0000e+00   1.0698e-17   5.9625e-18  -2.5527e-18   1.5186e-17
   8.3785e-17   1.0698e-17   5.7890e-01   1.5502e-16   3.4912e-01  -3.4912e-01
   2.0791e-01   5.9625e-18   1.5502e-16   7.4379e-01  -2.7142e-01  -2.7142e-01
   2.2025e-01  -2.5527e-18   3.4912e-01  -2.7142e-01   4.2301e-01   1.9118e-03
   2.2025e-01   1.5186e-17  -3.4912e-01  -2.7142e-01   1.9118e-03   4.2301e-01
Iteration: 3
Fa
  -3.0129e+01   1.0759e-16  -1.8632e-15  -4.6233e+00  -1.2529e+01  -1.2529e+01
   1.0759e-16  -1.7602e+01  -2.3789e-16  -1.3259e-16   3.4986e-17  -2.0813e-16
  -1.8632e-15  -2.3789e-16  -8.2381e+00  -3.4471e-15  -1.1002e+01   1.1002e+01
  -4.6233e+00  -1.3259e-16  -3.4471e-15  -1.1905e+01   8.5568e+00   8.5568e+00
  -1.2529e+01   3.4986e-17  -1.1002e+01   8.5568e+00  -6.0190e+00  -2.2986e+00
  -1.2529e+01  -2.0813e-16   1.1002e+01   8.5568e+00  -2.2986e+00  -6.0190e+00
Fb
  -3.0129e+01   1.0759e-16  -1.8632e-15  -4.6233e+00  -1.2529e+01  -1.2529e+01
   1.0759e-16  -1.7602e+01  -2.3789e-16  -1.3259e-16   3.4986e-17  -2.0813e-16
  -1.8632e-15  -2.3789e-16  -8.2381e+00  -3.4471e-15  -1.1002e+01   1.1002e+01
  -4.6233e+00  -1.3259e-16  -3.4471e-15  -1.1905e+01   8.5568e+00   8.5568e+00
  -1.2529e+01   3.4986e-17  -1.1002e+01   8.5568e+00  -6.0190e+00  -2.2986e+00
  -1.2529e+01  -2.0813e-16   1.1002e+01   8.5568e+00  -2.2986e+00  -6.0190e+00
after solving eigen equation: 3
Ca
   8.5873e-01   5.2403e-16  -3.2017e-01   4.0738e-17   4.0010e-01   5.5906e-15
  -1.2766e-18   5.7869e-17   1.2526e-16   1.0000e+00   1.1539e-18   1.6496e-17
   2.0781e-16   7.5620e-01   1.9927e-15  -3.2967e-17   9.2098e-15  -6.5434e-01
  -7.6464e-02   2.3914e-15  -8.5211e-01   1.0723e-16  -5.1775e-01  -7.4154e-15
   3.5829e-01   4.6269e-01   2.9275e-01  -7.1191e-17  -5.3472e-01   5.3471e-01
   3.5829e-01  -4.6269e-01   2.9275e-01            0  -5.3472e-01  -5.3471e-01
Cb
   8.5873e-01   5.2403e-16  -3.2017e-01   4.0738e-17   4.0010e-01   5.5906e-15
  -1.2766e-18   5.7869e-17   1.2526e-16   1.0000e+00   1.1539e-18   1.6496e-17
   2.0781e-16   7.5620e-01   1.9927e-15  -3.2967e-17   9.2098e-15  -6.5434e-01
  -7.6464e-02   2.3914e-15  -8.5211e-01   1.0723e-16  -5.1775e-01  -7.4154e-15
   3.5829e-01   4.6269e-01   2.9275e-01  -7.1191e-17  -5.3472e-01   5.3471e-01
   3.5829e-01  -4.6269e-01   2.9275e-01            0  -5.3472e-01  -5.3471e-01
 p =  4 q =  4
Pa_new
   8.3992e-01  -4.6169e-19  -6.3262e-17   2.0715e-01   2.1394e-01   2.1394e-01
  -4.6169e-19   1.0000e+00   1.0794e-17   5.9744e-19  -8.2034e-18   9.4374e-18
  -6.3262e-17   1.0794e-17   5.7184e-01   9.4556e-17   3.4988e-01  -3.4988e-01
   2.0715e-01   5.9744e-19   9.4556e-17   7.3193e-01  -2.7685e-01  -2.7685e-01
   2.1394e-01  -8.2034e-18   3.4988e-01  -2.7685e-01   4.2815e-01  -5.7551e-06
   2.1394e-01   9.4374e-18  -3.4988e-01  -2.7685e-01  -5.7551e-06   4.2815e-01
Pb_new
   8.3992e-01  -4.6169e-19  -6.3262e-17   2.0715e-01   2.1394e-01   2.1394e-01
  -4.6169e-19   1.0000e+00   1.0794e-17   5.9744e-19  -8.2034e-18   9.4374e-18
  -6.3262e-17   1.0794e-17   5.7184e-01   9.4556e-17   3.4988e-01  -3.4988e-01
   2.0715e-01   5.9744e-19   9.4556e-17   7.3193e-01  -2.7685e-01  -2.7685e-01
   2.1394e-01  -8.2034e-18   3.4988e-01  -2.7685e-01   4.2815e-01  -5.7551e-06
   2.1394e-01   9.4374e-18  -3.4988e-01  -2.7685e-01  -5.7551e-06   4.2815e-01
Iteration: 4
Fa
  -3.0497e+01   1.0267e-17   1.4068e-15  -4.6065e+00  -1.2443e+01  -1.2443e+01
   1.0267e-17  -1.7778e+01  -2.4002e-16  -1.3286e-17   1.1243e-16  -1.2935e-16
   1.4068e-15  -2.4002e-16  -8.2566e+00  -2.1027e-15  -1.1012e+01   1.1012e+01
  -4.6065e+00  -1.3286e-17  -2.1027e-15  -1.1817e+01   8.6312e+00   8.6312e+00
  -1.2443e+01   1.1243e-16  -1.1012e+01   8.6312e+00  -6.0963e+00  -2.2807e+00
  -1.2443e+01  -1.2935e-16   1.1012e+01   8.6312e+00  -2.2807e+00  -6.0963e+00
Fb
  -3.0497e+01   1.0267e-17   1.4068e-15  -4.6065e+00  -1.2443e+01  -1.2443e+01
   1.0267e-17  -1.7778e+01  -2.4002e-16  -1.3286e-17   1.1243e-16  -1.2935e-16
   1.4068e-15  -2.4002e-16  -8.2566e+00  -2.1027e-15  -1.1012e+01   1.1012e+01
  -4.6065e+00  -1.3286e-17  -2.1027e-15  -1.1817e+01   8.6312e+00   8.6312e+00
  -1.2443e+01   1.1243e-16  -1.1012e+01   8.6312e+00  -6.0963e+00  -2.2807e+00
  -1.2443e+01  -1.2935e-16   1.1012e+01   8.6312e+00  -2.2807e+00  -6.0963e+00
after solving eigen equation: 4
Ca
   8.6110e-01   2.8508e-16  -3.2045e-01   2.8731e-17   3.9473e-01  -5.5287e-15
   2.0027e-19   4.4482e-17   8.8834e-17   1.0000e+00  -1.1068e-18   1.2110e-17
   2.3148e-16   7.5537e-01   1.2731e-15  -2.5665e-17  -8.9713e-15  -6.5530e-01
  -7.6005e-02   1.9038e-15  -8.4878e-01   7.4837e-17  -5.2325e-01   6.9378e-15
   3.5548e-01   4.6337e-01   2.9739e-01  -5.4160e-17  -5.3404e-01   5.3412e-01
   3.5548e-01  -4.6337e-01   2.9739e-01            0  -5.3404e-01  -5.3412e-01
Cb
   8.6110e-01   2.8508e-16  -3.2045e-01   2.8731e-17   3.9473e-01  -5.5287e-15
   2.0027e-19   4.4482e-17   8.8834e-17   1.0000e+00  -1.1068e-18   1.2110e-17
   2.3148e-16   7.5537e-01   1.2731e-15  -2.5665e-17  -8.9713e-15  -6.5530e-01
  -7.6005e-02   1.9038e-15  -8.4878e-01   7.4837e-17  -5.2325e-01   6.9378e-15
   3.5548e-01   4.6337e-01   2.9739e-01  -5.4160e-17  -5.3404e-01   5.3412e-01
   3.5548e-01  -4.6337e-01   2.9739e-01            0  -5.3404e-01  -5.3412e-01
 p =  4 q =  4
Pa_new
   8.4418e-01   4.3689e-19   6.7018e-18   2.0654e-01   2.1080e-01   2.1080e-01
   4.3689e-19   1.0000e+00   7.9360e-18  -5.7913e-19  -7.0595e-18   5.8774e-18
   6.7018e-18   7.9360e-18   5.7058e-01   3.3987e-16   3.5001e-01  -3.5001e-01
   2.0654e-01  -5.7913e-19   3.3987e-16   7.2621e-01  -2.7944e-01  -2.7944e-01
   2.1080e-01  -7.0595e-18   3.5001e-01  -2.7944e-01   4.2951e-01   9.2073e-05
   2.1080e-01   5.8774e-18  -3.5001e-01  -2.7944e-01   9.2073e-05   4.2951e-01
Pb_new
   8.4418e-01   4.3689e-19   6.7018e-18   2.0654e-01   2.1080e-01   2.1080e-01
   4.3689e-19   1.0000e+00   7.9360e-18  -5.7913e-19  -7.0595e-18   5.8774e-18
   6.7018e-18   7.9360e-18   5.7058e-01   3.3987e-16   3.5001e-01  -3.5001e-01
   2.0654e-01  -5.7913e-19   3.3987e-16   7.2621e-01  -2.7944e-01  -2.7944e-01
   2.1080e-01  -7.0595e-18   3.5001e-01  -2.7944e-01   4.2951e-01   9.2073e-05
   2.1080e-01   5.8774e-18  -3.5001e-01  -2.7944e-01   9.2073e-05   4.2951e-01
Iteration: 5
Fa
  -3.0638e+01  -9.7153e-18  -1.4903e-16  -4.5930e+00  -1.2400e+01  -1.2400e+01
  -9.7153e-18  -1.7824e+01  -1.7647e-16   1.2878e-17   9.6755e-17  -8.0553e-17
  -1.4903e-16  -1.7647e-16  -8.2750e+00  -7.5577e-15  -1.1014e+01   1.1014e+01
  -4.5930e+00   1.2878e-17  -7.5577e-15  -1.1736e+01   8.6667e+00   8.6667e+00
  -1.2400e+01   9.6755e-17  -1.1014e+01   8.6667e+00  -6.1167e+00  -2.2816e+00
  -1.2400e+01  -8.0553e-17   1.1014e+01   8.6667e+00  -2.2816e+00  -6.1167e+00
Fb
  -3.0638e+01  -9.7153e-18  -1.4903e-16  -4.5930e+00  -1.2400e+01  -1.2400e+01
  -9.7153e-18  -1.7824e+01  -1.7647e-16   1.2878e-17   9.6755e-17  -8.0553e-17
  -1.4903e-16  -1.7647e-16  -8.2750e+00  -7.5577e-15  -1.1014e+01   1.1014e+01
  -4.5930e+00   1.2878e-17  -7.5577e-15  -1.1736e+01   8.6667e+00   8.6667e+00
  -1.2400e+01   9.6755e-17  -1.1014e+01   8.6667e+00  -6.1167e+00  -2.2816e+00
  -1.2400e+01  -8.0553e-17   1.1014e+01   8.6667e+00  -2.2816e+00  -6.1167e+00
after solving eigen equation: 5
Ca
  -8.6205e-01   9.1961e-16  -3.2106e-01   3.6885e-17  -3.9217e-01   4.5577e-15
  -4.1495e-19   2.9962e-17   5.8100e-17   1.0000e+00   8.1533e-19   7.6908e-18
  -3.9704e-17   7.5535e-01   2.0826e-15   1.1635e-16  -7.6268e-15  -6.5532e-01
   7.6062e-02   1.9915e-15  -8.4696e-01  -1.1337e-16   5.2618e-01  -6.1380e-15
  -3.5432e-01   4.6338e-01   2.9965e-01  -1.0474e-16   5.3354e-01   5.3411e-01
  -3.5432e-01  -4.6338e-01   2.9965e-01            0   5.3354e-01  -5.3411e-01
Cb
  -8.6205e-01   9.1961e-16  -3.2106e-01   3.6885e-17  -3.9217e-01   4.5577e-15
  -4.1495e-19   2.9962e-17   5.8100e-17   1.0000e+00   8.1533e-19   7.6908e-18
  -3.9704e-17   7.5535e-01   2.0826e-15   1.1635e-16  -7.6268e-15  -6.5532e-01
   7.6062e-02   1.9915e-15  -8.4696e-01  -1.1337e-16   5.2618e-01  -6.1380e-15
  -3.5432e-01   4.6338e-01   2.9965e-01  -1.0474e-16   5.3354e-01   5.3411e-01
  -3.5432e-01  -4.6338e-01   2.9965e-01            0   5.3354e-01  -5.3411e-01
 p =  4 q =  4
Pa_new
   8.4620e-01   1.8589e-17   6.0209e-17   2.0636e-01   2.0924e-01   2.0924e-01
   1.8589e-17   1.0000e+00   1.3898e-16  -1.6261e-16  -7.3296e-17   3.6727e-18
   6.0209e-17   1.3898e-16   5.7055e-01  -2.6266e-16   3.5002e-01  -3.5002e-01
   2.0636e-01  -1.6261e-16  -2.6266e-16   7.2313e-01  -2.8074e-01  -2.8074e-01
   2.0924e-01  -7.3296e-17   3.5002e-01  -2.8074e-01   4.3006e-01   6.0946e-04
   2.0924e-01   3.6727e-18  -3.5002e-01  -2.8074e-01   6.0946e-04   4.3006e-01
Pb_new
   8.4620e-01   1.8589e-17   6.0209e-17   2.0636e-01   2.0924e-01   2.0924e-01
   1.8589e-17   1.0000e+00   1.3898e-16  -1.6261e-16  -7.3296e-17   3.6727e-18
   6.0209e-17   1.3898e-16   5.7055e-01  -2.6266e-16   3.5002e-01  -3.5002e-01
   2.0636e-01  -1.6261e-16  -2.6266e-16   7.2313e-01  -2.8074e-01  -2.8074e-01
   2.0924e-01  -7.3296e-17   3.5002e-01  -2.8074e-01   4.3006e-01   6.0946e-04
   2.0924e-01   3.6727e-18  -3.5002e-01  -2.8074e-01   6.0946e-04   4.3006e-01
Iteration: 6
Fa
  -3.0702e+01  -4.1338e-16  -1.3389e-15  -4.5888e+00  -1.2378e+01  -1.2378e+01
  -4.1338e-16  -1.7843e+01  -3.0906e-15   3.6160e-15   1.0046e-15  -5.0337e-17
  -1.3389e-15  -3.0906e-15  -8.2930e+00   5.8408e-15  -1.1014e+01   1.1014e+01
  -4.5888e+00   3.6160e-15   5.8408e-15  -1.1686e+01   8.6845e+00   8.6845e+00
  -1.2378e+01   1.0046e-15  -1.1014e+01   8.6845e+00  -6.1250e+00  -2.2865e+00
  -1.2378e+01  -5.0337e-17   1.1014e+01   8.6845e+00  -2.2865e+00  -6.1250e+00
Fb
  -3.0702e+01  -4.1338e-16  -1.3389e-15  -4.5888e+00  -1.2378e+01  -1.2378e+01
  -4.1338e-16  -1.7843e+01  -3.0906e-15   3.6160e-15   1.0046e-15  -5.0337e-17
  -1.3389e-15  -3.0906e-15  -8.2930e+00   5.8408e-15  -1.1014e+01   1.1014e+01
  -4.5888e+00   3.6160e-15   5.8408e-15  -1.1686e+01   8.6845e+00   8.6845e+00
  -1.2378e+01   1.0046e-15  -1.1014e+01   8.6845e+00  -6.1250e+00  -2.2865e+00
  -1.2378e+01  -5.0337e-17   1.1014e+01   8.6845e+00  -2.2865e+00  -6.1250e+00
after solving eigen equation: 6
Ca
   8.6248e-01   1.8399e-15  -3.2142e-01  -2.0817e-17  -3.9093e-01  -8.2425e-15
   5.2868e-18   1.5959e-17   5.0627e-17  -1.0000e+00   1.2084e-16   1.2442e-16
   6.5542e-16   7.5550e-01   5.0616e-15   1.1217e-16   1.3866e-14  -6.5515e-01
  -7.6044e-02   5.5631e-15  -8.4596e-01  -1.6586e-16   5.2779e-01   1.0977e-14
   3.5380e-01   4.6326e-01   3.0086e-01   4.5064e-17   5.3320e-01   5.3422e-01
   3.5380e-01  -4.6326e-01   3.0086e-01            0   5.3320e-01  -5.3422e-01
Cb
   8.6248e-01   1.8399e-15  -3.2142e-01  -2.0817e-17  -3.9093e-01  -8.2425e-15
   5.2868e-18   1.5959e-17   5.0627e-17  -1.0000e+00   1.2084e-16   1.2442e-16
   6.5542e-16   7.5550e-01   5.0616e-15   1.1217e-16   1.3866e-14  -6.5515e-01
  -7.6044e-02   5.5631e-15  -8.4596e-01  -1.6586e-16   5.2779e-01   1.0977e-14
   3.5380e-01   4.6326e-01   3.0086e-01   4.5064e-17   5.3320e-01   5.3422e-01
   3.5380e-01  -4.6326e-01   3.0086e-01            0   5.3320e-01  -5.3422e-01
 p =  4 q =  4
Pa_new
   8.4718e-01   9.1043e-18   3.2841e-16   2.0633e-01   2.0844e-01   2.0844e-01
   9.1043e-18   1.0000e+00  -1.0011e-16   1.2263e-16  -2.0569e-17   9.7088e-18
   3.2841e-16  -1.0011e-16   5.7078e-01  -1.2886e-16   3.4999e-01  -3.4999e-01
   2.0633e-01   1.2263e-16  -1.2886e-16   7.2144e-01  -2.8142e-01  -2.8142e-01
   2.0844e-01  -2.0569e-17   3.4999e-01  -2.8142e-01   4.3030e-01   1.0810e-03
   2.0844e-01   9.7088e-18  -3.4999e-01  -2.8142e-01   1.0810e-03   4.3030e-01
Pb_new
   8.4718e-01   9.1043e-18   3.2841e-16   2.0633e-01   2.0844e-01   2.0844e-01
   9.1043e-18   1.0000e+00  -1.0011e-16   1.2263e-16  -2.0569e-17   9.7088e-18
   3.2841e-16  -1.0011e-16   5.7078e-01  -1.2886e-16   3.4999e-01  -3.4999e-01
   2.0633e-01   1.2263e-16  -1.2886e-16   7.2144e-01  -2.8142e-01  -2.8142e-01
   2.0844e-01  -2.0569e-17   3.4999e-01  -2.8142e-01   4.3030e-01   1.0810e-03
   2.0844e-01   9.7088e-18  -3.4999e-01  -2.8142e-01   1.0810e-03   4.3030e-01
Iteration: 7
Fa
  -3.0732e+01  -2.0245e-16  -7.3030e-15  -4.5882e+00  -1.2367e+01  -1.2367e+01
  -2.0245e-16  -1.7851e+01   2.2263e-15  -2.7269e-15   2.8191e-16  -1.3306e-16
  -7.3030e-15   2.2263e-15  -8.3064e+00   2.8655e-15  -1.1013e+01   1.1013e+01
  -4.5882e+00  -2.7269e-15   2.8655e-15  -1.1657e+01   8.6939e+00   8.6939e+00
  -1.2367e+01   2.8191e-16  -1.1013e+01   8.6939e+00  -6.1286e+00  -2.2909e+00
  -1.2367e+01  -1.3306e-16   1.1013e+01   8.6939e+00  -2.2909e+00  -6.1286e+00
Fb
  -3.0732e+01  -2.0245e-16  -7.3030e-15  -4.5882e+00  -1.2367e+01  -1.2367e+01
  -2.0245e-16  -1.7851e+01   2.2263e-15  -2.7269e-15   2.8191e-16  -1.3306e-16
  -7.3030e-15   2.2263e-15  -8.3064e+00   2.8655e-15  -1.1013e+01   1.1013e+01
  -4.5882e+00  -2.7269e-15   2.8655e-15  -1.1657e+01   8.6939e+00   8.6939e+00
  -1.2367e+01   2.8191e-16  -1.1013e+01   8.6939e+00  -6.1286e+00  -2.2909e+00
  -1.2367e+01  -1.3306e-16   1.1013e+01   8.6939e+00  -2.2909e+00  -6.1286e+00
after solving eigen equation: 7
Ca
   8.6268e-01  -8.9808e-16   3.2163e-01   5.7760e-16  -3.9030e-01  -3.5432e-15
  -6.3868e-18  -6.4195e-16   1.8076e-15  -1.0000e+00   8.1205e-18   3.1640e-18
   2.9986e-16   7.5564e-01   1.7181e-15  -5.0004e-16   6.0643e-15  -6.5498e-01
  -7.6001e-02  -1.7092e-15   8.4541e-01   1.5817e-15   5.2868e-01   5.0799e-15
   3.5356e-01   4.6314e-01  -3.0152e-01  -8.2489e-16   5.3299e-01   5.3432e-01
   3.5356e-01  -4.6314e-01  -3.0152e-01  -2.6645e-16   5.3299e-01  -5.3432e-01
Cb
   8.6268e-01  -8.9808e-16   3.2163e-01   5.7760e-16  -3.9030e-01  -3.5432e-15
  -6.3868e-18  -6.4195e-16   1.8076e-15  -1.0000e+00   8.1205e-18   3.1640e-18
   2.9986e-16   7.5564e-01   1.7181e-15  -5.0004e-16   6.0643e-15  -6.5498e-01
  -7.6001e-02  -1.7092e-15   8.4541e-01   1.5817e-15   5.2868e-01   5.0799e-15
   3.5356e-01   4.6314e-01  -3.0152e-01  -8.2489e-16   5.3299e-01   5.3432e-01
   3.5356e-01  -4.6314e-01  -3.0152e-01  -2.6645e-16   5.3299e-01  -5.3432e-01
 p =  4 q =  4
Pa_new
   8.4766e-01  -1.7541e-18   1.3265e-16   2.0634e-01   2.0803e-01   2.0803e-01
  -1.7541e-18   1.0000e+00   1.4957e-17  -5.3108e-17  -1.9703e-17   1.6490e-17
   1.3265e-16   1.4957e-17   5.7100e-01   1.3817e-16   3.4997e-01  -3.4997e-01
   2.0634e-01  -5.3108e-17   1.3817e-16   7.2050e-01  -2.8178e-01  -2.8178e-01
   2.0803e-01  -1.9703e-17   3.4997e-01  -2.8178e-01   4.3042e-01   1.4170e-03
   2.0803e-01   1.6490e-17  -3.4997e-01  -2.8178e-01   1.4170e-03   4.3042e-01
Pb_new
   8.4766e-01  -1.7541e-18   1.3265e-16   2.0634e-01   2.0803e-01   2.0803e-01
  -1.7541e-18   1.0000e+00   1.4957e-17  -5.3108e-17  -1.9703e-17   1.6490e-17
   1.3265e-16   1.4957e-17   5.7100e-01   1.3817e-16   3.4997e-01  -3.4997e-01
   2.0634e-01  -5.3108e-17   1.3817e-16   7.2050e-01  -2.8178e-01  -2.8178e-01
   2.0803e-01  -1.9703e-17   3.4997e-01  -2.8178e-01   4.3042e-01   1.4170e-03
   2.0803e-01   1.6490e-17  -3.4997e-01  -2.8178e-01   1.4170e-03   4.3042e-01
Iteration: 8
Fa
  -3.0746e+01   3.9007e-17  -2.9497e-15  -4.5885e+00  -1.2362e+01  -1.2362e+01
   3.9007e-17  -1.7855e+01  -3.3260e-16   1.1810e-15   2.7003e-16  -2.2601e-16
  -2.9497e-15  -3.3260e-16  -8.3152e+00  -3.0726e-15  -1.1013e+01   1.1013e+01
  -4.5885e+00   1.1810e-15  -3.0726e-15  -1.1640e+01   8.6988e+00   8.6988e+00
  -1.2362e+01   2.7003e-16  -1.1013e+01   8.6988e+00  -6.1303e+00  -2.2940e+00
  -1.2362e+01  -2.2601e-16   1.1013e+01   8.6988e+00  -2.2940e+00  -6.1303e+00
Fb
  -3.0746e+01   3.9007e-17  -2.9497e-15  -4.5885e+00  -1.2362e+01  -1.2362e+01
   3.9007e-17  -1.7855e+01  -3.3260e-16   1.1810e-15   2.7003e-16  -2.2601e-16
  -2.9497e-15  -3.3260e-16  -8.3152e+00  -3.0726e-15  -1.1013e+01   1.1013e+01
  -4.5885e+00   1.1810e-15  -3.0726e-15  -1.1640e+01   8.6988e+00   8.6988e+00
  -1.2362e+01   2.7003e-16  -1.1013e+01   8.6988e+00  -6.1303e+00  -2.2940e+00
  -1.2362e+01  -2.2601e-16   1.1013e+01   8.6988e+00  -2.2940e+00  -6.1303e+00
after solving eigen equation: 8
Ca
  -8.6278e-01  -1.0331e-15   3.2174e-01   3.6411e-16  -3.8998e-01  -3.4461e-15
  -1.8273e-18   1.0492e-16  -1.0048e-15   1.0000e+00   8.5473e-17   8.2561e-17
  -7.4598e-16   7.5575e-01   9.7187e-16  -2.5442e-17   5.5278e-15  -6.5486e-01
   7.5962e-02  -1.2918e-15   8.4511e-01   7.9940e-16   5.2917e-01   4.6583e-15
  -3.5344e-01   4.6305e-01  -3.0189e-01  -4.6527e-16   5.3287e-01   5.3440e-01
  -3.5344e-01  -4.6305e-01  -3.0189e-01  -2.5706e-16   5.3287e-01  -5.3440e-01
Cb
  -8.6278e-01  -1.0331e-15   3.2174e-01   3.6411e-16  -3.8998e-01  -3.4461e-15
  -1.8273e-18   1.0492e-16  -1.0048e-15   1.0000e+00   8.5473e-17   8.2561e-17
  -7.4598e-16   7.5575e-01   9.7187e-16  -2.5442e-17   5.5278e-15  -6.5486e-01
   7.5962e-02  -1.2918e-15   8.4511e-01   7.9940e-16   5.2917e-01   4.6583e-15
  -3.5344e-01   4.6305e-01  -3.0189e-01  -4.6527e-16   5.3287e-01   5.3440e-01
  -3.5344e-01  -4.6305e-01  -3.0189e-01  -2.5706e-16   5.3287e-01  -5.3440e-01
 p =  4 q =  4
Pa_new
   8.4791e-01   4.2392e-17   1.7556e-16   2.0637e-01   2.0781e-01   2.0781e-01
   4.2392e-17   1.0000e+00   5.3853e-17  -4.9942e-17  -1.1269e-16  -1.6455e-18
   1.7556e-16   5.3853e-17   5.7116e-01  -2.1161e-16   3.4995e-01  -3.4995e-01
   2.0637e-01  -4.9942e-17  -2.1161e-16   7.1998e-01  -2.8198e-01  -2.8198e-01
   2.0781e-01  -1.1269e-16   3.4995e-01  -2.8198e-01   4.3047e-01   1.6337e-03
   2.0781e-01  -1.6455e-18  -3.4995e-01  -2.8198e-01   1.6337e-03   4.3047e-01
Pb_new
   8.4791e-01   4.2392e-17   1.7556e-16   2.0637e-01   2.0781e-01   2.0781e-01
   4.2392e-17   1.0000e+00   5.3853e-17  -4.9942e-17  -1.1269e-16  -1.6455e-18
   1.7556e-16   5.3853e-17   5.7116e-01  -2.1161e-16   3.4995e-01  -3.4995e-01
   2.0637e-01  -4.9942e-17  -2.1161e-16   7.1998e-01  -2.8198e-01  -2.8198e-01
   2.0781e-01  -1.1269e-16   3.4995e-01  -2.8198e-01   4.3047e-01   1.6337e-03
   2.0781e-01  -1.6455e-18  -3.4995e-01  -2.8198e-01   1.6337e-03   4.3047e-01
Iteration: 9
Fa
  -3.0754e+01  -9.4269e-16  -3.9039e-15  -4.5891e+00  -1.2359e+01  -1.2359e+01
  -9.4269e-16  -1.7857e+01  -1.1976e-15   1.1106e-15   1.5445e-15   2.2552e-17
  -3.9039e-15  -1.1976e-15  -8.3207e+00   4.7056e-15  -1.1013e+01   1.1013e+01
  -4.5891e+00   1.1106e-15   4.7056e-15  -1.1630e+01   8.7015e+00   8.7015e+00
  -1.2359e+01   1.5445e-15  -1.1013e+01   8.7015e+00  -6.1312e+00  -2.2960e+00
  -1.2359e+01   2.2552e-17   1.1013e+01   8.7015e+00  -2.2960e+00  -6.1312e+00
Fb
  -3.0754e+01  -9.4269e-16  -3.9039e-15  -4.5891e+00  -1.2359e+01  -1.2359e+01
  -9.4269e-16  -1.7857e+01  -1.1976e-15   1.1106e-15   1.5445e-15   2.2552e-17
  -3.9039e-15  -1.1976e-15  -8.3207e+00   4.7056e-15  -1.1013e+01   1.1013e+01
  -4.5891e+00   1.1106e-15   4.7056e-15  -1.1630e+01   8.7015e+00   8.7015e+00
  -1.2359e+01   1.5445e-15  -1.1013e+01   8.7015e+00  -6.1312e+00  -2.2960e+00
  -1.2359e+01   2.2552e-17   1.1013e+01   8.7015e+00  -2.2960e+00  -6.1312e+00
after solving eigen equation: 9
Ca
   8.6284e-01   8.9957e-16   3.2180e-01   3.3560e-16  -3.8982e-01  -8.4498e-15
   9.1451e-18  -2.9274e-16   1.1111e-15  -1.0000e+00   3.5556e-17   2.4739e-17
  -3.0450e-16   7.5582e-01  -5.6585e-16  -2.4331e-16   1.4518e-14  -6.5478e-01
  -7.5934e-02   1.0398e-15   8.4494e-01   9.2328e-16   5.2944e-01   1.1501e-14
   3.5338e-01   4.6300e-01  -3.0209e-01  -4.1010e-16   5.3279e-01   5.3445e-01
   3.5338e-01  -4.6300e-01  -3.0209e-01  -1.8130e-16   5.3279e-01  -5.3445e-01
Cb
   8.6284e-01   8.9957e-16   3.2180e-01   3.3560e-16  -3.8982e-01  -8.4498e-15
   9.1451e-18  -2.9274e-16   1.1111e-15  -1.0000e+00   3.5556e-17   2.4739e-17
  -3.0450e-16   7.5582e-01  -5.6585e-16  -2.4331e-16   1.4518e-14  -6.5478e-01
  -7.5934e-02   1.0398e-15   8.4494e-01   9.2328e-16   5.2944e-01   1.1501e-14
   3.5338e-01   4.6300e-01  -3.0209e-01  -4.1010e-16   5.3279e-01   5.3445e-01
   3.5338e-01  -4.6300e-01  -3.0209e-01  -1.8130e-16   5.3279e-01  -5.3445e-01
 p =  4 q =  4
Pa_new
   8.4804e-01   2.9840e-17   2.3509e-16   2.0639e-01   2.0769e-01   2.0769e-01
   2.9840e-17   1.0000e+00   2.2052e-17   1.4812e-17  -5.7851e-17  -1.5575e-17
   2.3509e-16   2.2052e-17   5.7127e-01   3.3089e-16   3.4994e-01  -3.4994e-01
   2.0639e-01   1.4812e-17   3.3089e-16   7.1969e-01  -2.8208e-01  -2.8208e-01
   2.0769e-01  -5.7851e-17   3.4994e-01  -2.8208e-01   4.3050e-01   1.7665e-03
   2.0769e-01  -1.5575e-17  -3.4994e-01  -2.8208e-01   1.7665e-03   4.3050e-01
Pb_new
   8.4804e-01   2.9840e-17   2.3509e-16   2.0639e-01   2.0769e-01   2.0769e-01
   2.9840e-17   1.0000e+00   2.2052e-17   1.4812e-17  -5.7851e-17  -1.5575e-17
   2.3509e-16   2.2052e-17   5.7127e-01   3.3089e-16   3.4994e-01  -3.4994e-01
   2.0639e-01   1.4812e-17   3.3089e-16   7.1969e-01  -2.8208e-01  -2.8208e-01
   2.0769e-01  -5.7851e-17   3.4994e-01  -2.8208e-01   4.3050e-01   1.7665e-03
   2.0769e-01  -1.5575e-17  -3.4994e-01  -2.8208e-01   1.7665e-03   4.3050e-01
Iteration: 10
Fa
  -3.0758e+01  -6.6356e-16  -5.2278e-15  -4.5895e+00  -1.2357e+01  -1.2357e+01
  -6.6356e-16  -1.7858e+01  -4.9038e-16  -3.2937e-16   7.9288e-16   2.1346e-16
  -5.2278e-15  -4.9038e-16  -8.3240e+00  -7.3582e-15  -1.1013e+01   1.1013e+01
  -4.5895e+00  -3.2937e-16  -7.3582e-15  -1.1625e+01   8.7029e+00   8.7029e+00
  -1.2357e+01   7.9288e-16  -1.1013e+01   8.7029e+00  -6.1316e+00  -2.2973e+00
  -1.2357e+01   2.1346e-16   1.1013e+01   8.7029e+00  -2.2973e+00  -6.1316e+00
Fb
  -3.0758e+01  -6.6356e-16  -5.2278e-15  -4.5895e+00  -1.2357e+01  -1.2357e+01
  -6.6356e-16  -1.7858e+01  -4.9038e-16  -3.2937e-16   7.9288e-16   2.1346e-16
  -5.2278e-15  -4.9038e-16  -8.3240e+00  -7.3582e-15  -1.1013e+01   1.1013e+01
  -4.5895e+00  -3.2937e-16  -7.3582e-15  -1.1625e+01   8.7029e+00   8.7029e+00
  -1.2357e+01   7.9288e-16  -1.1013e+01   8.7029e+00  -6.1316e+00  -2.2973e+00
  -1.2357e+01   2.1346e-16   1.1013e+01   8.7029e+00  -2.2973e+00  -6.1316e+00
after solving eigen equation: 10
Ca
   8.6286e-01   2.8732e-15   3.2184e-01   3.7468e-16  -3.8973e-01  -2.7218e-16
   5.2259e-18  -2.2376e-16   1.1812e-15  -1.0000e+00   5.2472e-17   4.6448e-17
  -6.4251e-18   7.5586e-01  -6.5549e-15  -1.5670e-16   9.9485e-16  -6.5473e-01
  -7.5916e-02   7.3617e-15   8.4485e-01   1.0040e-15   5.2960e-01   6.1611e-16
   3.5334e-01   4.6296e-01  -3.0221e-01  -4.1763e-16   5.3275e-01   5.3448e-01
   3.5334e-01  -4.6296e-01  -3.0221e-01  -2.6676e-16   5.3275e-01  -5.3448e-01
Cb
   8.6286e-01   2.8732e-15   3.2184e-01   3.7468e-16  -3.8973e-01  -2.7218e-16
   5.2259e-18  -2.2376e-16   1.1812e-15  -1.0000e+00   5.2472e-17   4.6448e-17
  -6.4251e-18   7.5586e-01  -6.5549e-15  -1.5670e-16   9.9485e-16  -6.5473e-01
  -7.5916e-02   7.3617e-15   8.4485e-01   1.0040e-15   5.2960e-01   6.1611e-16
   3.5334e-01   4.6296e-01  -3.0221e-01  -4.1763e-16   5.3275e-01   5.3448e-01
   3.5334e-01  -4.6296e-01  -3.0221e-01  -2.6676e-16   5.3275e-01  -5.3448e-01
 p =  4 q =  4
Pa_new
   8.4811e-01   9.9657e-18   5.6566e-17   2.0640e-01   2.0763e-01   2.0763e-01
   9.9657e-18   1.0000e+00  -1.2431e-17  -6.5179e-18  -4.1063e-17   1.5251e-17
   5.6566e-17  -1.2431e-17   5.7133e-01   2.7067e-17   3.4994e-01  -3.4994e-01
   2.0640e-01  -6.5179e-18   2.7067e-17   7.1953e-01  -2.8214e-01  -2.8214e-01
   2.0763e-01  -4.1063e-17   3.4994e-01  -2.8214e-01   4.3051e-01   1.8456e-03
   2.0763e-01   1.5251e-17  -3.4994e-01  -2.8214e-01   1.8456e-03   4.3051e-01
Pb_new
   8.4811e-01   9.9657e-18   5.6566e-17   2.0640e-01   2.0763e-01   2.0763e-01
   9.9657e-18   1.0000e+00  -1.2431e-17  -6.5179e-18  -4.1063e-17   1.5251e-17
   5.6566e-17  -1.2431e-17   5.7133e-01   2.7067e-17   3.4994e-01  -3.4994e-01
   2.0640e-01  -6.5179e-18   2.7067e-17   7.1953e-01  -2.8214e-01  -2.8214e-01
   2.0763e-01  -4.1063e-17   3.4994e-01  -2.8214e-01   4.3051e-01   1.8456e-03
   2.0763e-01   1.5251e-17  -3.4994e-01  -2.8214e-01   1.8456e-03   4.3051e-01
Iteration: 11
Fa
  -3.0760e+01  -2.2161e-16  -1.2579e-15  -4.5897e+00  -1.2356e+01  -1.2356e+01
  -2.2161e-16  -1.7858e+01   2.7643e-16   1.4494e-16   5.6280e-16  -2.0903e-16
  -1.2579e-15   2.7643e-16  -8.3259e+00  -6.0190e-16  -1.1013e+01   1.1013e+01
  -4.5897e+00   1.4494e-16  -6.0190e-16  -1.1621e+01   8.7037e+00   8.7037e+00
  -1.2356e+01   5.6280e-16  -1.1013e+01   8.7037e+00  -6.1318e+00  -2.2980e+00
  -1.2356e+01  -2.0903e-16   1.1013e+01   8.7037e+00  -2.2980e+00  -6.1318e+00
Fb
  -3.0760e+01  -2.2161e-16  -1.2579e-15  -4.5897e+00  -1.2356e+01  -1.2356e+01
  -2.2161e-16  -1.7858e+01   2.7643e-16   1.4494e-16   5.6280e-16  -2.0903e-16
  -1.2579e-15   2.7643e-16  -8.3259e+00  -6.0190e-16  -1.1013e+01   1.1013e+01
  -4.5897e+00   1.4494e-16  -6.0190e-16  -1.1621e+01   8.7037e+00   8.7037e+00
  -1.2356e+01   5.6280e-16  -1.1013e+01   8.7037e+00  -6.1318e+00  -2.2980e+00
  -1.2356e+01  -2.0903e-16   1.1013e+01   8.7037e+00  -2.2980e+00  -6.1318e+00
after solving eigen equation: 11
Ca
   8.6288e-01  -1.2502e-15  -3.2186e-01  -1.2821e-16   3.8968e-01   4.8418e-15
   2.6022e-18  -2.3583e-16  -3.6971e-16   1.0000e+00   1.7884e-17  -2.0923e-17
  -2.2794e-16   7.5589e-01  -3.1344e-15   1.6457e-16   8.6510e-15  -6.5470e-01
  -7.5905e-02  -3.1117e-15  -8.4479e-01  -3.0266e-16  -5.2968e-01  -6.7655e-15
   3.5333e-01   4.6294e-01   3.0227e-01   2.4072e-16  -5.3272e-01   5.3449e-01
   3.5333e-01  -4.6294e-01   3.0227e-01            0  -5.3272e-01  -5.3449e-01
Cb
   8.6288e-01  -1.2502e-15  -3.2186e-01  -1.2821e-16   3.8968e-01   4.8418e-15
   2.6022e-18  -2.3583e-16  -3.6971e-16   1.0000e+00   1.7884e-17  -2.0923e-17
  -2.2794e-16   7.5589e-01  -3.1344e-15   1.6457e-16   8.6510e-15  -6.5470e-01
  -7.5905e-02  -3.1117e-15  -8.4479e-01  -3.0266e-16  -5.2968e-01  -6.7655e-15
   3.5333e-01   4.6294e-01   3.0227e-01   2.4072e-16  -5.3272e-01   5.3449e-01
   3.5333e-01  -4.6294e-01   3.0227e-01            0  -5.3272e-01  -5.3449e-01
 p =  4 q =  4
Pa_new
   8.4815e-01  -6.9692e-18  -1.3288e-16   2.0641e-01   2.0759e-01   2.0759e-01
  -6.9692e-18   1.0000e+00  -1.3698e-17   9.4731e-18   2.0711e-17  -1.6560e-18
  -1.3288e-16  -1.3698e-17   5.7137e-01   3.1311e-16   3.4993e-01  -3.4993e-01
   2.0641e-01   9.4731e-18   3.1311e-16   7.1944e-01  -2.8217e-01  -2.8217e-01
   2.0759e-01   2.0711e-17   3.4993e-01  -2.8217e-01   4.3052e-01   1.8917e-03
   2.0759e-01  -1.6560e-18  -3.4993e-01  -2.8217e-01   1.8917e-03   4.3052e-01
Pb_new
   8.4815e-01  -6.9692e-18  -1.3288e-16   2.0641e-01   2.0759e-01   2.0759e-01
  -6.9692e-18   1.0000e+00  -1.3698e-17   9.4731e-18   2.0711e-17  -1.6560e-18
  -1.3288e-16  -1.3698e-17   5.7137e-01   3.1311e-16   3.4993e-01  -3.4993e-01
   2.0641e-01   9.4731e-18   3.1311e-16   7.1944e-01  -2.8217e-01  -2.8217e-01
   2.0759e-01   2.0711e-17   3.4993e-01  -2.8217e-01   4.3052e-01   1.8917e-03
   2.0759e-01  -1.6560e-18  -3.4993e-01  -2.8217e-01   1.8917e-03   4.3052e-01
Iteration: 12
Fa
  -3.0761e+01   1.5498e-16   2.9549e-15  -4.5899e+00  -1.2356e+01  -1.2356e+01
   1.5498e-16  -1.7859e+01   3.0462e-16  -2.1066e-16  -2.8385e-16   2.2696e-17
   2.9549e-15   3.0462e-16  -8.3270e+00  -6.9628e-15  -1.1013e+01   1.1013e+01
  -4.5899e+00  -2.1066e-16  -6.9628e-15  -1.1620e+01   8.7042e+00   8.7042e+00
  -1.2356e+01  -2.8385e-16  -1.1013e+01   8.7042e+00  -6.1319e+00  -2.2985e+00
  -1.2356e+01   2.2696e-17   1.1013e+01   8.7042e+00  -2.2985e+00  -6.1319e+00
Fb
  -3.0761e+01   1.5498e-16   2.9549e-15  -4.5899e+00  -1.2356e+01  -1.2356e+01
   1.5498e-16  -1.7859e+01   3.0462e-16  -2.1066e-16  -2.8385e-16   2.2696e-17
   2.9549e-15   3.0462e-16  -8.3270e+00  -6.9628e-15  -1.1013e+01   1.1013e+01
  -4.5899e+00  -2.1066e-16  -6.9628e-15  -1.1620e+01   8.7042e+00   8.7042e+00
  -1.2356e+01  -2.8385e-16  -1.1013e+01   8.7042e+00  -6.1319e+00  -2.2985e+00
  -1.2356e+01   2.2696e-17   1.1013e+01   8.7042e+00  -2.2985e+00  -6.1319e+00
after solving eigen equation: 12
Ca
   8.6289e-01   3.3218e-16  -3.2187e-01   1.3555e-17  -3.8965e-01  -2.9495e-15
  -2.8207e-18  -2.9863e-17  -4.6042e-17  -1.0000e+00  -3.0023e-18  -5.0334e-18
  -2.4398e-16   7.5590e-01  -8.9299e-16  -1.9278e-17   4.8273e-15  -6.5468e-01
  -7.5899e-02  -9.0433e-16  -8.4476e-01   3.7518e-17   5.2973e-01   4.1193e-15
   3.5332e-01   4.6293e-01   3.0231e-01  -3.3029e-17   5.3271e-01   5.3451e-01
   3.5332e-01  -4.6293e-01   3.0231e-01            0   5.3271e-01  -5.3451e-01
Cb
   8.6289e-01   3.3218e-16  -3.2187e-01   1.3555e-17  -3.8965e-01  -2.9495e-15
  -2.8207e-18  -2.9863e-17  -4.6042e-17  -1.0000e+00  -3.0023e-18  -5.0334e-18
  -2.4398e-16   7.5590e-01  -8.9299e-16  -1.9278e-17   4.8273e-15  -6.5468e-01
  -7.5899e-02  -9.0433e-16  -8.4476e-01   3.7518e-17   5.2973e-01   4.1193e-15
   3.5332e-01   4.6293e-01   3.0231e-01  -3.3029e-17   5.3271e-01   5.3451e-01
   3.5332e-01  -4.6293e-01   3.0231e-01            0   5.3271e-01  -5.3451e-01
 p =  4 q =  4
Pa_new
   8.4817e-01  -1.1698e-18   3.2800e-16   2.0641e-01   2.0757e-01   2.0757e-01
  -1.1698e-18   1.0000e+00  -3.2953e-18   1.5904e-18   4.2897e-18  -1.0911e-18
   3.2800e-16  -3.2953e-18   5.7139e-01   8.9297e-17   3.4993e-01  -3.4993e-01
   2.0641e-01   1.5904e-18   8.9297e-17   7.1938e-01  -2.8219e-01  -2.8219e-01
   2.0757e-01   4.2897e-18   3.4993e-01  -2.8219e-01   4.3053e-01   1.9184e-03
   2.0757e-01  -1.0911e-18  -3.4993e-01  -2.8219e-01   1.9184e-03   4.3053e-01
Pb_new
   8.4817e-01  -1.1698e-18   3.2800e-16   2.0641e-01   2.0757e-01   2.0757e-01
  -1.1698e-18   1.0000e+00  -3.2953e-18   1.5904e-18   4.2897e-18  -1.0911e-18
   3.2800e-16  -3.2953e-18   5.7139e-01   8.9297e-17   3.4993e-01  -3.4993e-01
   2.0641e-01   1.5904e-18   8.9297e-17   7.1938e-01  -2.8219e-01  -2.8219e-01
   2.0757e-01   4.2897e-18   3.4993e-01  -2.8219e-01   4.3053e-01   1.9184e-03
   2.0757e-01  -1.0911e-18  -3.4993e-01  -2.8219e-01   1.9184e-03   4.3053e-01
Iteration: 13
Fa
  -3.0761e+01   2.6014e-17  -7.2939e-15  -4.5900e+00  -1.2355e+01  -1.2355e+01
   2.6014e-17  -1.7859e+01   7.3278e-17  -3.5366e-17  -5.8793e-17   1.4954e-17
  -7.2939e-15   7.3278e-17  -8.3276e+00  -1.9857e-15  -1.1013e+01   1.1013e+01
  -4.5900e+00  -3.5366e-17  -1.9857e-15  -1.1619e+01   8.7044e+00   8.7044e+00
  -1.2355e+01  -5.8793e-17  -1.1013e+01   8.7044e+00  -6.1320e+00  -2.2987e+00
  -1.2355e+01   1.4954e-17   1.1013e+01   8.7044e+00  -2.2987e+00  -6.1320e+00
Fb
  -3.0761e+01   2.6014e-17  -7.2939e-15  -4.5900e+00  -1.2355e+01  -1.2355e+01
   2.6014e-17  -1.7859e+01   7.3278e-17  -3.5366e-17  -5.8793e-17   1.4954e-17
  -7.2939e-15   7.3278e-17  -8.3276e+00  -1.9857e-15  -1.1013e+01   1.1013e+01
  -4.5900e+00  -3.5366e-17  -1.9857e-15  -1.1619e+01   8.7044e+00   8.7044e+00
  -1.2355e+01  -5.8793e-17  -1.1013e+01   8.7044e+00  -6.1320e+00  -2.2987e+00
  -1.2355e+01   1.4954e-17   1.1013e+01   8.7044e+00  -2.2987e+00  -6.1320e+00
after solving eigen equation: 13
Ca
   8.6289e-01  -4.1724e-16  -3.2188e-01   1.5256e-17  -3.8964e-01  -7.0449e-15
  -5.0925e-19  -8.9234e-18   4.0152e-17  -1.0000e+00  -4.6268e-19  -1.7570e-18
   3.7017e-16   7.5591e-01  -1.2133e-15   6.1219e-17   1.2317e-14  -6.5467e-01
  -7.5895e-02  -1.3487e-15  -8.4475e-01  -6.6739e-17   5.2976e-01   1.0146e-14
   3.5331e-01   4.6292e-01   3.0233e-01  -4.7937e-17   5.3270e-01   5.3451e-01
   3.5331e-01  -4.6292e-01   3.0233e-01            0   5.3270e-01  -5.3451e-01
Cb
   8.6289e-01  -4.1724e-16  -3.2188e-01   1.5256e-17  -3.8964e-01  -7.0449e-15
  -5.0925e-19  -8.9234e-18   4.0152e-17  -1.0000e+00  -4.6268e-19  -1.7570e-18
   3.7017e-16   7.5591e-01  -1.2133e-15   6.1219e-17   1.2317e-14  -6.5467e-01
  -7.5895e-02  -1.3487e-15  -8.4475e-01  -6.6739e-17   5.2976e-01   1.0146e-14
   3.5331e-01   4.6292e-01   3.0233e-01  -4.7937e-17   5.3270e-01   5.3451e-01
   3.5331e-01  -4.6292e-01   3.0233e-01            0   5.3270e-01  -5.3451e-01
 p =  4 q =  4
Pa_new
   8.4818e-01  -2.8620e-17   3.9455e-16   2.0641e-01   2.0756e-01   2.0756e-01
  -2.8620e-17   1.0000e+00  -6.7965e-17   3.2860e-17   5.5765e-17   1.6090e-17
   3.9455e-16  -6.7965e-17   5.7141e-01  -2.2648e-17   3.4993e-01  -3.4993e-01
   2.0641e-01   3.2860e-17  -2.2648e-17   7.1936e-01  -2.8220e-01  -2.8220e-01
   2.0756e-01   5.5765e-17   3.4993e-01  -2.8220e-01   4.3053e-01   1.9336e-03
   2.0756e-01   1.6090e-17  -3.4993e-01  -2.8220e-01   1.9336e-03   4.3053e-01
Pb_new
   8.4818e-01  -2.8620e-17   3.9455e-16   2.0641e-01   2.0756e-01   2.0756e-01
  -2.8620e-17   1.0000e+00  -6.7965e-17   3.2860e-17   5.5765e-17   1.6090e-17
   3.9455e-16  -6.7965e-17   5.7141e-01  -2.2648e-17   3.4993e-01  -3.4993e-01
   2.0641e-01   3.2860e-17  -2.2648e-17   7.1936e-01  -2.8220e-01  -2.8220e-01
   2.0756e-01   5.5765e-17   3.4993e-01  -2.8220e-01   4.3053e-01   1.9336e-03
   2.0756e-01   1.6090e-17  -3.4993e-01  -2.8220e-01   1.9336e-03   4.3053e-01
Iteration: 14
Fa
  -3.0762e+01   6.3642e-16  -8.7738e-15  -4.5901e+00  -1.2355e+01  -1.2355e+01
   6.3642e-16  -1.7859e+01   1.5114e-15  -7.3071e-16  -7.6429e-16  -2.2052e-16
  -8.7738e-15   1.5114e-15  -8.3280e+00   5.0364e-16  -1.1013e+01   1.1013e+01
  -4.5901e+00  -7.3071e-16   5.0364e-16  -1.1618e+01   8.7046e+00   8.7046e+00
  -1.2355e+01  -7.6429e-16  -1.1013e+01   8.7046e+00  -6.1320e+00  -2.2988e+00
  -1.2355e+01  -2.2052e-16   1.1013e+01   8.7046e+00  -2.2988e+00  -6.1320e+00
Fb
  -3.0762e+01   6.3642e-16  -8.7738e-15  -4.5901e+00  -1.2355e+01  -1.2355e+01
   6.3642e-16  -1.7859e+01   1.5114e-15  -7.3071e-16  -7.6429e-16  -2.2052e-16
  -8.7738e-15   1.5114e-15  -8.3280e+00   5.0364e-16  -1.1013e+01   1.1013e+01
  -4.5901e+00  -7.3071e-16   5.0364e-16  -1.1618e+01   8.7046e+00   8.7046e+00
  -1.2355e+01  -7.6429e-16  -1.1013e+01   8.7046e+00  -6.1320e+00  -2.2988e+00
  -1.2355e+01  -2.2052e-16   1.1013e+01   8.7046e+00  -2.2988e+00  -6.1320e+00
after solving eigen equation: 14
Ca
   8.6289e-01  -6.4745e-16  -3.2188e-01   1.6338e-16  -3.8963e-01  -1.0480e-16
  -1.0168e-17  -3.0986e-16  -5.1663e-16  -1.0000e+00  -1.6953e-16  -1.6814e-16
   8.6812e-16   7.5592e-01  -1.5522e-16  -3.9140e-16   1.3894e-16  -6.5467e-01
  -7.5893e-02  -4.2773e-16  -8.4474e-01   6.1846e-16   5.2977e-01   1.4218e-16
   3.5331e-01   4.6292e-01   3.0234e-01  -3.1534e-16   5.3270e-01   5.3452e-01
   3.5331e-01  -4.6292e-01   3.0234e-01            0   5.3270e-01  -5.3452e-01
Cb
   8.6289e-01  -6.4745e-16  -3.2188e-01   1.6338e-16  -3.8963e-01  -1.0480e-16
  -1.0168e-17  -3.0986e-16  -5.1663e-16  -1.0000e+00  -1.6953e-16  -1.6814e-16
   8.6812e-16   7.5592e-01  -1.5522e-16  -3.9140e-16   1.3894e-16  -6.5467e-01
  -7.5893e-02  -4.2773e-16  -8.4474e-01   6.1846e-16   5.2977e-01   1.4218e-16
   3.5331e-01   4.6292e-01   3.0234e-01  -3.1534e-16   5.3270e-01   5.3452e-01
   3.5331e-01  -4.6292e-01   3.0234e-01            0   5.3270e-01  -5.3452e-01
 p =  4 q =  4
Pa_new
   8.4819e-01  -5.8562e-18   3.0963e-16   2.0642e-01   2.0755e-01   2.0755e-01
  -5.8562e-18   1.0000e+00   1.5717e-16  -1.8128e-16   1.2110e-17  -1.6348e-17
   3.0963e-16   1.5717e-16   5.7141e-01  -2.5810e-16   3.4993e-01  -3.4993e-01
   2.0642e-01  -1.8128e-16  -2.5810e-16   7.1934e-01  -2.8221e-01  -2.8221e-01
   2.0755e-01   1.2110e-17   3.4993e-01  -2.8221e-01   4.3053e-01   1.9423e-03
   2.0755e-01  -1.6348e-17  -3.4993e-01  -2.8221e-01   1.9423e-03   4.3053e-01
Pb_new
   8.4819e-01  -5.8562e-18   3.0963e-16   2.0642e-01   2.0755e-01   2.0755e-01
  -5.8562e-18   1.0000e+00   1.5717e-16  -1.8128e-16   1.2110e-17  -1.6348e-17
   3.0963e-16   1.5717e-16   5.7141e-01  -2.5810e-16   3.4993e-01  -3.4993e-01
   2.0642e-01  -1.8128e-16  -2.5810e-16   7.1934e-01  -2.8221e-01  -2.8221e-01
   2.0755e-01   1.2110e-17   3.4993e-01  -2.8221e-01   4.3053e-01   1.9423e-03
   2.0755e-01  -1.6348e-17  -3.4993e-01  -2.8221e-01   1.9423e-03   4.3053e-01
Iteration: 15
Fa
  -3.0762e+01   1.3023e-16  -6.8854e-15  -4.5901e+00  -1.2355e+01  -1.2355e+01
   1.3023e-16  -1.7859e+01  -3.4951e-15   4.0311e-15  -1.6597e-16   2.2405e-16
  -6.8854e-15  -3.4951e-15  -8.3282e+00   5.7394e-15  -1.1013e+01   1.1013e+01
  -4.5901e+00   4.0311e-15   5.7394e-15  -1.1618e+01   8.7047e+00   8.7047e+00
  -1.2355e+01  -1.6597e-16  -1.1013e+01   8.7047e+00  -6.1320e+00  -2.2989e+00
  -1.2355e+01   2.2405e-16   1.1013e+01   8.7047e+00  -2.2989e+00  -6.1320e+00
Fb
  -3.0762e+01   1.3023e-16  -6.8854e-15  -4.5901e+00  -1.2355e+01  -1.2355e+01
   1.3023e-16  -1.7859e+01  -3.4951e-15   4.0311e-15  -1.6597e-16   2.2405e-16
  -6.8854e-15  -3.4951e-15  -8.3282e+00   5.7394e-15  -1.1013e+01   1.1013e+01
  -4.5901e+00   4.0311e-15   5.7394e-15  -1.1618e+01   8.7047e+00   8.7047e+00
  -1.2355e+01  -1.6597e-16  -1.1013e+01   8.7047e+00  -6.1320e+00  -2.2989e+00
  -1.2355e+01   2.2405e-16   1.1013e+01   8.7047e+00  -2.2989e+00  -6.1320e+00
after solving eigen equation: 15
Ca
  -8.6289e-01  -8.4671e-16   3.2188e-01   8.1333e-16  -3.8962e-01  -3.0969e-15
  -1.2304e-17   8.7776e-16  -2.4964e-15   1.0000e+00   2.7425e-19   6.4601e-18
  -9.8946e-16   7.5592e-01  -2.7300e-16  -6.1220e-16   4.7705e-15  -6.5466e-01
   7.5891e-02  -1.3093e-16   8.4473e-01   2.0544e-15   5.2978e-01   4.0633e-15
  -3.5331e-01   4.6292e-01  -3.0234e-01  -1.2222e-15   5.3269e-01   5.3452e-01
  -3.5331e-01  -4.6292e-01  -3.0234e-01  -3.5182e-16   5.3269e-01  -5.3452e-01
Cb
  -8.6289e-01  -8.4671e-16   3.2188e-01   8.1333e-16  -3.8962e-01  -3.0969e-15
  -1.2304e-17   8.7776e-16  -2.4964e-15   1.0000e+00   2.7425e-19   6.4601e-18
  -9.8946e-16   7.5592e-01  -2.7300e-16  -6.1220e-16   4.7705e-15  -6.5466e-01
   7.5891e-02  -1.3093e-16   8.4473e-01   2.0544e-15   5.2978e-01   4.0633e-15
  -3.5331e-01   4.6292e-01  -3.0234e-01  -1.2222e-15   5.3269e-01   5.3452e-01
  -3.5331e-01  -4.6292e-01  -3.0234e-01  -3.5182e-16   5.3269e-01  -5.3452e-01
 p =  4 q =  4
Ea
  -40.4758
  -21.8161
  -19.5978
  -17.8588
    9.2630
    9.6548
Eb
  -40.4758
  -21.8161
  -19.5978
  -17.8588
    9.2630
    9.6548
Ca
  -8.6289e-01  -8.4671e-16   3.2188e-01   8.1333e-16  -3.8962e-01  -3.0969e-15
  -1.2304e-17   8.7776e-16  -2.4964e-15   1.0000e+00   2.7425e-19   6.4601e-18
  -9.8946e-16   7.5592e-01  -2.7300e-16  -6.1220e-16   4.7705e-15  -6.5466e-01
   7.5891e-02  -1.3093e-16   8.4473e-01   2.0544e-15   5.2978e-01   4.0633e-15
  -3.5331e-01   4.6292e-01  -3.0234e-01  -1.2222e-15   5.3269e-01   5.3452e-01
  -3.5331e-01  -4.6292e-01  -3.0234e-01  -3.5182e-16   5.3269e-01  -5.3452e-01
Cb
  -8.6289e-01  -8.4671e-16   3.2188e-01   8.1333e-16  -3.8962e-01  -3.0969e-15
  -1.2304e-17   8.7776e-16  -2.4964e-15   1.0000e+00   2.7425e-19   6.4601e-18
  -9.8946e-16   7.5592e-01  -2.7300e-16  -6.1220e-16   4.7705e-15  -6.5466e-01
   7.5891e-02  -1.3093e-16   8.4473e-01   2.0544e-15   5.2978e-01   4.0633e-15
  -3.5331e-01   4.6292e-01  -3.0234e-01  -1.2222e-15   5.3269e-01   5.3452e-01
  -3.5331e-01  -4.6292e-01  -3.0234e-01  -3.5182e-16   5.3269e-01  -5.3452e-01
Nuclear Repulsion Energy is 190.269 eV.
Electron Energy is -728.292 eV.
The molecule in file /work/sample_input/hw_4_1/H2O.json has energy -538.022172
